
ASEM-51 V1.3                                         Copyright (c) 2002 by W.W. Heinz                                         PAGE 1





       MCS-51 Family Macro Assembler   A S E M - 5 1   V 1.3
       =====================================================



	Source File:	C:\Users\adlercohen\Documents\Academic\Microprocessors and Mircrocontrollers\Group Work\BEATA.asm
	Object File:	C:\Users\adlercohen\Documents\Academic\Microprocessors and Mircrocontrollers\Group Work\BEATA.hex
	List File:	C:\Users\adlercohen\Documents\Academic\Microprocessors and Mircrocontrollers\Group Work\BEATA.lst



 Line  I  Addr  Code            Source

    1:		N      0000	ORG 0000H
    2:	  0000	01 20		  AJMP START
    3:		N      0020	  ORG 20H
    4:
    5:	  0020			START :
    6:	  0020	D2 80		   SETB P0.0
    7:
    8:				;LED 1:
    9:	  0022	A2 A0		  MOV C, P2.0
   10:	  0024	82 90		  ANL C, P1.0
   11:	  0026	B3		  CPL C
   12:	  0027	92 80		  MOV P0.0,C
   13:
   14:				;LED 2:
   15:	  0029	A2 A1		  MOV C, P2.1
   16:	  002B	82 91		  ANL C, P1.1
   17:	  002D	B3		  CPL C
   18:	  002E	92 81		  MOV P0.1,C
   19:				;LED 3:
   20:	  0030	A2 A2		  MOV C, P2.2
   21:	  0032	82 92		  ANL C, P1.2
   22:	  0034	B3		  CPL C
   23:	  0035	92 82		  MOV P0.2,C
   24:				;LED 4:
   25:	  0037	A2 A3		  MOV C, P2.3
   26:	  0039	82 93		  ANL C, P1.3
   27:	  003B	B3		  CPL C
   28:	  003C	92 83		  MOV P0.3,C
   29:				END





                     register banks used:  ---

                     no errors




ASEM-51 V1.3                                         Copyright (c) 2002 by W.W. Heinz                                         PAGE 2





	       L I S T   O F   S Y M B O L S
	       =============================


SYMBOL				  TYPE     VALUE	LINE
------------------------------------------------------------
??ASEM_51			  NUMBER    8051
??VERSION			  NUMBER    0130
AC				  BIT	      D6
ACC				  DATA	      E0
B				  DATA	      F0
CY				  BIT	      D7
DPH				  DATA	      83
DPL				  DATA	      82
EA				  BIT	      AF
ES				  BIT	      AC
ET0				  BIT	      A9
ET1				  BIT	      AB
EX0				  BIT	      A8
EX1				  BIT	      AA
EXTI0				  CODE	    0003
EXTI1				  CODE	    0013
F0				  BIT	      D5
IE				  DATA	      A8
IE0				  BIT	      89
IE1				  BIT	      8B
INT0				  BIT	      B2
INT1				  BIT	      B3
IP				  DATA	      B8
IT0				  BIT	      88
IT1				  BIT	      8A
OV				  BIT	      D2
P				  BIT	      D0
P0				  DATA	      80
P1				  DATA	      90
P2				  DATA	      A0
P3				  DATA	      B0
PCON				  DATA	      87
PS				  BIT	      BC
PSW				  DATA	      D0
PT0				  BIT	      B9
PT1				  BIT	      BB
PX0				  BIT	      B8
PX1				  BIT	      BA
RB8				  BIT	      9A
RD				  BIT	      B7
REN				  BIT	      9C
RESET				  CODE	    0000
RI				  BIT	      98
RS0				  BIT	      D3
RS1				  BIT	      D4
RXD				  BIT	      B0
SBUF				  DATA	      99
SCON				  DATA	      98
SINT				  CODE	    0023
SM0				  BIT	      9F

ASEM-51 V1.3                                         Copyright (c) 2002 by W.W. Heinz                                         PAGE 3



SYMBOL				  TYPE     VALUE	LINE
------------------------------------------------------------
SM1				  BIT	      9E
SM2				  BIT	      9D
SP				  DATA	      81
START				  CODE	    0020	   5
T0				  BIT	      B4
T1				  BIT	      B5
TB8				  BIT	      9B
TCON				  DATA	      88
TF0				  BIT	      8D
TF1				  BIT	      8F
TH0				  DATA	      8C
TH1				  DATA	      8D
TI				  BIT	      99
TIMER0				  CODE	    000B
TIMER1				  CODE	    001B
TL0				  DATA	      8A
TL1				  DATA	      8B
TMOD				  DATA	      89
TR0				  BIT	      8C
TR1				  BIT	      8E
TXD				  BIT	      B1
WR				  BIT	      B6
